   1               		.file	"main.c"
   2               	__SREG__ = 0x3f
   3               	__SP_H__ = 0x3e
   4               	__SP_L__ = 0x3d
   5               	__CCP__  = 0x34
   6               	__tmp_reg__ = 0
   7               	__zero_reg__ = 1
   9               		.text
  10               	.Ltext0:
  69               	.global	servo_init
  71               	servo_init:
  73               	.Ltext1:
   1:servo.h       **** /*	SERVO.h
   2:servo.h       **** Technophilia 
   3:servo.h       **** 
   4:servo.h       **** 	this header file will help you to controlle four servo moter at a single time.
   5:servo.h       **** 
   6:servo.h       **** 	
   7:servo.h       **** */
   8:servo.h       **** #ifndef _SERVO_H_
   9:servo.h       **** #define _SERVO_H_
  10:servo.h       **** #include<avr/interrupt.h>
  11:servo.h       **** int i;   
  12:servo.h       **** unsigned char m0h,m0l,m1h,m1l,m2h,m2l,m3h,m3l,x,y,m4h,m4l,m5h,m5l;
  13:servo.h       **** unsigned char temp;
  14:servo.h       **** void servo_init()
  15:servo.h       **** {
  74               	me size = 0 */
  76               	.LM1:
  77               		ldi r24,lo8(3)
  78               		out 79-32,r24
  16:servo.h       **** TCCR1A=0x03;
  79               	bn	68,0,17,.LM2-.LFBB1
  80               	.LM2:
  81 0000 83E0      		ldi r24,lo8(26)
  82 0002 8FBD      		out 78-32,r24
  17:servo.h       **** TCCR1B=0x1A;
  83               	abn	68,0,18,.LM3-.LFBB1
  84               	.LM3:
  85 0004 8AE1      		out 77-32,__zero_reg__
  18:servo.h       **** TCNT1H=0x00;
  87               	:
  88               		out 76-32,__zero_reg__
  19:servo.h       **** TCNT1L=0x00;
  90               	5:
  91               		out 71-32,__zero_reg__
  20:servo.h       **** ICR1H=0x00;
  93               	6:
  94               		out 70-32,__zero_reg__
  21:servo.h       **** ICR1L=0x00;
  96               	7:
  97               		ldi r24,lo8(25)
  98 000e 16BC      		out 75-32,r24
  22:servo.h       **** OCR1AH=0x19;
  99               	tabn	68,0,23,.LM8-.LFBB1
 100               	.LM8:
 101 0010 89E1      		ldi r24,lo8(-56)
 102 0012 8BBD      		out 74-32,r24
  23:servo.h       **** OCR1AL=0xC8;
 103               	abn	68,0,26,.LM9-.LFBB1
 104               	.LM9:
 105 0014 88EC      		ldi r24,lo8(24)
 106 0016 8ABD      		out 89-32,r24
  24:servo.h       **** //OCR1BH=0x0f;
  25:servo.h       **** //OCR1BL=0xA0;
  26:servo.h       **** TIMSK=0x18;  
 107               	abn	68,0,27,.LM10-.LFBB1
 108               	.LM10:
 109 0018 88E1      		ldi r24,lo8(63)
 110 001a 89BF      		out 55-32,r24
  27:servo.h       **** DDRB=0x3f;
 111               	abn	68,0,29,.LM11-.LFBB1
 112               	.LM11:
 113 001c 8FE3      	/* #APP */
 114 001e 87BB      	 ;  29 "servo.h" 1
  28:servo.h       **** 
  29:servo.h       **** sei(); 
 115               	
 116               	 ;  0 "" 2
 117               	/* epilogue start */
 119 0020 7894      	.LM12:
 120               	/* #NOAPP */
 121               		ret
  30:servo.h       **** 
  31:servo.h       **** }
 122               		servo_init, .-servo_init
 123               	.Lscope1:
 125 0022 0895      	.global	__vector_6
 127               	__vector_6:
 129               	.LM13:
 130               	.LFBB2:
 131               		push __zero_reg__
  32:servo.h       **** 
  33:servo.h       **** ISR (TIMER1_COMPA_vect) //void timer1_compa_isr(void)
  34:servo.h       **** {
 132               	in r0,__SREG__
 133               		push r0
 134               		clr __zero_reg__
 135 0024 1F92      	/* prologue: Signal */
 136 0026 0F92      	/* frame size = 0 */
 138 002a 0F92      	.LM14:
 139 002c 1124      		out 56-32,__zero_reg__
 141               	.LM15:
  35:servo.h       **** PORTB=0X00;
 142               	,__zero_reg__
 144 002e 18BA      	.LM16:
  36:servo.h       **** TCNT1H=0x00;
 145               	t 76-32,__zero_reg__
 146               	/* epilogue start */
  37:servo.h       **** TCNT1L=0x00;
 148               	17:
 149               		pop r0
 150 0032 1CBC      		out __SREG__,r0
 151               		pop r0
  38:servo.h       **** }
 152               	 __zero_reg__
 153               		reti
 155 0036 0FBE      	.Lscope2:
 157 003a 1F90      	.global	__vector_7
 159               	__vector_7:
 161               	.LM18:
 162               	.LFBB3:
 163               		push __zero_reg__
 164               		push r0
  39:servo.h       **** 
  40:servo.h       **** ISR (TIMER1_COMPB_vect) // void timer1_compb_isr(void)
  41:servo.h       **** {
 165               	__
 166               		push r0
 167               		clr __zero_reg__
 168 003e 1F92      		push r24
 169 0040 0F92      		push r25
 170 0042 0FB6      	/* prologue: Signal */
 171 0044 0F92      	/* frame size = 0 */
 173 0048 8F93      	.LM19:
 174 004a 9F93      		lds r24,i
 175               		lds r25,(i)+1
 176               		cpi r24,2
  42:servo.h       **** switch(i)
 177               	ero_reg__
 178               		breq .L9
 179 004c 8091 0000 		cpi r24,3
 180 0050 9091 0000 		cpc r25,__zero_reg__
 181 0054 8230      		brge .L13
 182 0056 9105      		sbiw r24,0
 183 0058 01F0      		breq .L7
 184 005a 8330      		sbiw r24,1
 185 005c 9105      		breq .+2
 186 005e 04F4      		rjmp .L14
 187 0060 0097      		rjmp .L16
 188 0062 01F0      	.L13:
 189 0064 0197      		cpi r24,4
 190 0066 01F0      		cpc r25,__zero_reg__
 191 0068 00C0      		breq .L11
 192 006a 00C0      		cpi r24,4
 193               		cpc r25,__zero_reg__
 194 006c 8430      		brlt .L10
 195 006e 9105      		sbiw r24,5
 196 0070 01F0      		breq .+2
 197 0072 8430      		rjmp .L14
 198 0074 9105      		rjmp .L17
 199 0076 04F0      	.L7:
 201 007a 01F0      	.LM20:
 202 007c 00C0      		lds r24,m0h
 203 007e 00C0      		out 73-32,r24
  43:servo.h       **** {
  44:servo.h       **** case 0:
  45:servo.h       ****  OCR1BH=m0h;     
 205               	32,r24
 207 0080 8091 0000 	.LM22:
 208 0084 89BD      		ldi r24,lo8(1)
  46:servo.h       ****  OCR1BL=m0l;     
 209               	 56-32,r24
 211 0086 8091 0000 	.LM23:
 212 008a 88BD      		ldi r24,lo8(1)
  47:servo.h       ****  PORTB=0X01;
 213               	 r25,hi8(1)
 214               		rjmp .L15
 215 008c 81E0      	.L16:
  48:servo.h       ****  i=1;
 217               	4:
 218               		lds r24,m1h
 219 0090 81E0      		out 73-32,r24
 221 0094 00C0      	.LM25:
 222               		lds r24,m1l
  49:servo.h       ****  break ;  
  50:servo.h       ****  
  51:servo.h       **** case 1:
  52:servo.h       ****  OCR1BH=m1h;       
 223               	2-32,r24
 225 0096 8091 0000 	.LM26:
 226 009a 89BD      		ldi r24,lo8(2)
  53:servo.h       ****  OCR1BL=m1l;      
 227               	 56-32,r24
 229 009c 8091 0000 	.LM27:
 230 00a0 88BD      		ldi r24,lo8(2)
  54:servo.h       ****  PORTB=0X02;
 231               	 r25,hi8(2)
 232               		rjmp .L15
 233 00a2 82E0      	.L9:
  55:servo.h       ****  i=2;
 235               	8:
 236               		lds r24,m2h
 237 00a6 82E0      		out 73-32,r24
 239 00aa 00C0      	.LM29:
 240               		lds r24,m2l
  56:servo.h       ****  break ; 
  57:servo.h       ****  
  58:servo.h       **** case 2:
  59:servo.h       ****  OCR1BH=m2h;              
 241               	2-32,r24
 243 00ac 8091 0000 	.LM30:
 244 00b0 89BD      		ldi r24,lo8(4)
  60:servo.h       ****  OCR1BL=m2l;                
 245               	 56-32,r24
 247 00b2 8091 0000 	.LM31:
 248 00b6 88BD      		ldi r24,lo8(3)
  61:servo.h       ****  PORTB=0X04;
 249               	 r25,hi8(3)
 250               		rjmp .L15
 251 00b8 84E0      	.L10:
  62:servo.h       ****  i=3;
 253               	2:
 254               		lds r24,m3h
 255 00bc 83E0      		out 73-32,r24
 257 00c0 00C0      	.LM33:
 258               		lds r24,m3l
  63:servo.h       ****  break ;
  64:servo.h       ****  
  65:servo.h       **** case 3:
  66:servo.h       ****  OCR1BH=m3h;   
 259               	2-32,r24
 261 00c2 8091 0000 	.LM34:
 262 00c6 89BD      		ldi r24,lo8(8)
  67:servo.h       ****  OCR1BL=m3l;      
 263               	 56-32,r24
 265 00c8 8091 0000 	.LM35:
 266 00cc 88BD      		ldi r24,lo8(4)
  68:servo.h       ****  PORTB=0X08;
 267               	 r25,hi8(4)
 268               		rjmp .L15
 269 00ce 88E0      	.L11:
  69:servo.h       ****  i=4;
 271               	6:
 272               		lds r24,m4h
 273 00d2 84E0      		out 73-32,r24
 275 00d6 00C0      	.LM37:
 276               		lds r24,m4l
  70:servo.h       ****  break ;
  71:servo.h       **** 
  72:servo.h       **** case 4:
  73:servo.h       ****  OCR1BH=m4h;   
 277               	2-32,r24
 279 00d8 8091 0000 	.LM38:
 280 00dc 89BD      		ldi r24,lo8(16)
  74:servo.h       ****  OCR1BL=m4l;      
 281               	 56-32,r24
 283 00de 8091 0000 	.LM39:
 284 00e2 88BD      		ldi r24,lo8(5)
  75:servo.h       ****  PORTB=0X10;
 285               	 r25,hi8(5)
 286               	.L15:
 287 00e4 80E1      		sts (i)+1,r25
 288 00e6 88BB      		sts i,r24
  76:servo.h       ****  i=5;
 289               	p .L14
 290               	.L17:
 292 00ea 90E0      	.LM40:
 293               		lds r24,m5h
 294 00ec 9093 0000 		out 73-32,r24
 296 00f4 00C0      	.LM41:
 297               		lds r24,m5l
  77:servo.h       ****  break ;
  78:servo.h       ****  
  79:servo.h       **** case 5:
  80:servo.h       ****  OCR1BH=m5h;   
 298               	2,r24
 300 00f6 8091 0000 	.LM42:
 301 00fa 89BD      		ldi r24,lo8(32)
  81:servo.h       ****  OCR1BL=m5l;      
 302               	 56-32,r24
 304 00fc 8091 0000 	.LM43:
 305 0100 88BD      		sts (i)+1,__zero_reg__
  82:servo.h       ****  PORTB=0X20;
 306               	 i,__zero_reg__
 307               	.L14:
 308 0102 80E2      	/* epilogue start */
  83:servo.h       ****  i=0;
 310               	4:
 311               		pop r25
 312 0106 1092 0000 		pop r24
 313 010a 1092 0000 		pop r0
 314               		out __SREG__,r0
 315               		pop r0
  84:servo.h       ****  break ; 
  85:servo.h       ****  } 
  86:servo.h       **** }
 316               	_zero_reg__
 317               		reti
 319 0110 8F91      	.Lscope3:
 323 0118 1F90      	.global	mov
 325               	mov:
 327               	.LM45:
 328               	.LFBB4:
 329               		push r28
 330               		push r29
 331               	/* prologue: function */
 332               	/* frame size = 0 */
  87:servo.h       **** 
  88:servo.h       **** void mov(float value,int m)
  89:servo.h       **** {
 333               	tabn	68,0,91,.LM46-.LFBB4
 334               	.LM46:
 335               		ldi r18,lo8(0x42480000)
 336 011c CF93      		ldi r19,hi8(0x42480000)
 337 011e DF93      		ldi r20,hlo8(0x42480000)
 338               		ldi r21,hhi8(0x42480000)
 339               		rcall __addsf3
 340 0120 EA01      		ldi r18,lo8(0x413d7cee)
  90:servo.h       ****         unsigned int va;
  91:servo.h       ****         va=2600+(value+50)*11.843;  //for degree format
 341               	,hi8(0x413d7cee)
 342               		ldi r20,hlo8(0x413d7cee)
 343 0122 20E0      		ldi r21,hhi8(0x413d7cee)
 344 0124 30E0      		rcall __mulsf3
 345 0126 48E4      		ldi r18,lo8(0x45228000)
 346 0128 52E4      		ldi r19,hi8(0x45228000)
 347 012a 00D0      		ldi r20,hlo8(0x45228000)
 348 012c 2EEE      		ldi r21,hhi8(0x45228000)
 349 012e 3CE7      		rcall __addsf3
 350 0130 4DE3      		rcall __fixunssfsi
 351 0132 51E4      		mov r19,r22
 352 0134 00D0      		mov r18,r23
 354 0138 30E8      	.LM47:
 355 013a 42E2      		cpi r28,2
 356 013c 55E4      		cpc r29,__zero_reg__
 357 013e 00D0      		brne .L19
 359 0142 362F      	.LM48:
 360 0144 272F      		sts m1l,r22
  92:servo.h       **** 		//va=795+value*15;      //for potentio meter format
  93:servo.h       ****         if(m==2)              
 361               	9-.LFBB4
 362               	.LM49:
 363 0146 C230      		sts temp,r23
 365 014a 01F4      	.LM50:
  94:servo.h       ****         {
  95:servo.h       ****                 m1l=va;
 366               	m1h,r23
 367               		rjmp .L20
 368 014c 6093 0000 	.L19:
  96:servo.h       ****                 temp=va>>8;
 369               	tabn	68,0,99,.LM51-.LFBB4
 370               	.LM51:
 371 0150 7093 0000 		cpi r28,3
  97:servo.h       ****                 m1h=temp;
 372               	c r29,__zero_reg__
 373               		brne .L21
 375 0158 00C0      	.LM52:
 376               		sts m2l,r22
  98:servo.h       ****         }
  99:servo.h       ****         if(m==3)            
 377               	bn	68,0,102,.LM53-.LFBB4
 378               	.LM53:
 379 015a C330      		sts temp,r23
 381 015e 01F4      	.LM54:
 100:servo.h       ****         {
 101:servo.h       ****                 m2l=va;
 382               	m2h,r23
 383               		rjmp .L22
 384 0160 6093 0000 	.L21:
 102:servo.h       ****                 temp=va>>8;
 385               	tabn	68,0,105,.LM55-.LFBB4
 386               	.LM55:
 387 0164 7093 0000 		sbiw r28,0
 103:servo.h       ****                 m2h=temp;
 388               	ne .L23
 390 0168 7093 0000 	.LM56:
 391 016c 00C0      		sts m5l,r22
 104:servo.h       ****         }
 105:servo.h       ****         if(m==0)       
 393               	:
 394               		sts temp,r23
 396 0170 01F4      	.LM58:
 106:servo.h       ****         {
 107:servo.h       ****                 m5l=va;
 397               	 m5h,r23
 398               		rjmp .L25
 399 0172 6093 0000 	.L23:
 108:servo.h       ****                 temp=va>>8;
 400               	tabn	68,0,111,.LM59-.LFBB4
 401               	.LM59:
 402 0176 7093 0000 		cpi r28,1
 109:servo.h       ****                 m5h=temp;
 403               	c r29,__zero_reg__
 404               		brne .L20
 406 017e 00C0      	.LM60:
 407               		sts m0l,r22
 110:servo.h       ****         }
 111:servo.h       ****         if(m==1)     
 408               	bn	68,0,114,.LM61-.LFBB4
 409               	.LM61:
 410 0180 C130      		sts temp,r23
 412 0184 01F4      	.LM62:
 112:servo.h       ****         {
 113:servo.h       ****                 m0l=va;
 413               	m0h,r23
 414               		rjmp .L25
 415 0186 6093 0000 	.L20:
 114:servo.h       ****                 temp=va>>8;
 416               	tabn	68,0,117,.LM63-.LFBB4
 417               	.LM63:
 418 018a 7093 0000 		cpi r28,4
 115:servo.h       ****                 m0h=temp;
 419               	c r29,__zero_reg__
 420               		brne .L22
 422 0192 00C0      	.LM64:
 423               		sts m3l,r19
 116:servo.h       ****         }
 117:servo.h       ****         if(m==4)     
 424               	bn	68,0,120,.LM65-.LFBB4
 425               	.LM65:
 426 0194 C430      		sts temp,r18
 428 0198 01F4      	.LM66:
 118:servo.h       ****         {
 119:servo.h       ****                 m3l=va;
 429               	m3h,r18
 430               		rjmp .L25
 431 019a 3093 0000 	.L22:
 120:servo.h       ****                 temp=va>>8;
 432               	tabn	68,0,123,.LM67-.LFBB4
 433               	.LM67:
 434 019e 2093 0000 		sbiw r28,5
 121:servo.h       ****                 m3h=temp;
 435               	ne .L25
 437 01a2 2093 0000 	.LM68:
 438 01a6 00C0      		sts m4l,r19
 122:servo.h       ****         }
 123:servo.h       ****         if(m==5)     
 440               	:
 441               		sts temp,r18
 443 01aa 01F4      	.LM70:
 124:servo.h       ****         {
 125:servo.h       ****                 m4l=va;
 444               	 m4h,r18
 445               	.L25:
 446 01ac 3093 0000 	/* epilogue start */
 126:servo.h       ****                 temp=va>>8;
 447               	tabn	68,0,129,.LM71-.LFBB4
 448               	.LM71:
 449 01b0 2093 0000 		pop r29
 127:servo.h       ****                 m4h=temp;
 450               	p r28
 451               		ret
 453               	.Lscope4:
 128:servo.h       ****         }		
 129:servo.h       **** }
 455               	al	stop
 457 01b8 DF91      	stop:
 459 01bc 0895      	.Ltext2:
 461               	.LM72:
 462               	.LFBB5:
 463               	/* prologue: function */
 464               	/* frame size = 0 */
 466               	.LM73:
 467               		ldi r22,lo8(0x42b40000)
   1:main.c        **** /*######################################################################
   2:main.c        **** 		Program to interface Servo motor using Header file
   3:main.c        **** 	****************************************************************************
   4:main.c        **** 	COPYRIGHT(C)Technophilia
   5:main.c        **** 	Date:-19th July,2014
   6:main.c        **** 	Author: Technophilia R&D Team
   7:main.c        **** 	Organization: Technophilia
   8:main.c        **** 	Target system-AVR devlopment board s/n-118010
   9:main.c        **** 	manufacturer: Technophilia 
  10:main.c        **** 	microcontroller: ATmega-8
  11:main.c        **** 	clock: 12mhz
  12:main.c        **** 	compiler WinAVR-20100110
  13:main.c        **** 	********************************************************************************
  14:main.c        **** 	Lower Right (LR)------>PORTB 0
  15:main.c        **** 	Lower Left  (LL)------>PORTB 1
  16:main.c        **** 	Upper Right (UR)------>PORTB 2
  17:main.c        **** 	Upper Left  (UL)------>PORTB 3
  18:main.c        **** 	********************************************************************************/
  19:main.c        **** 
  20:main.c        **** 	#include <avr/io.h>
  21:main.c        **** 	#include <avr/interrupt.h>
  22:main.c        **** 	#include<util/delay.h>
  23:main.c        **** 	#include "servo.h"
  24:main.c        **** 	#define DELAY 300
  25:main.c        **** 
  26:main.c        **** 	
  27:main.c        **** 	stop()
  28:main.c        **** 	{
 468               	0x42b40000)
 469               		ldi r24,hlo8(0x42b40000)
 470               		ldi r25,hhi8(0x42b40000)
 471               		ldi r20,lo8(0)
 472               		ldi r21,hi8(0)
  29:main.c        **** 		mov(90,0);		//LR
 473               	l mov
 475 01be 60E0      	.LM74:
 476 01c0 70E0      		ldi r22,lo8(0x42a00000)
 477 01c2 84EB      		ldi r23,hi8(0x42a00000)
 478 01c4 92E4      		ldi r24,hlo8(0x42a00000)
 479 01c6 40E0      		ldi r25,hhi8(0x42a00000)
 480 01c8 50E0      		ldi r20,lo8(1)
 481 01ca 00D0      		ldi r21,hi8(1)
  30:main.c        **** 		mov(80,1);		//LL
 482               	v
 484 01cc 60E0      	.LM75:
 485 01ce 70E0      		ldi r22,lo8(0x42b40000)
 486 01d0 80EA      		ldi r23,hi8(0x42b40000)
 487 01d2 92E4      		ldi r24,hlo8(0x42b40000)
 488 01d4 41E0      		ldi r25,hhi8(0x42b40000)
 489 01d6 50E0      		ldi r20,lo8(2)
 490 01d8 00D0      		ldi r21,hi8(2)
  31:main.c        **** 		mov(90,2);		//UR
 491               	v
 493 01da 60E0      	.LM76:
 494 01dc 70E0      		ldi r22,lo8(0x42b40000)
 495 01de 84EB      		ldi r23,hi8(0x42b40000)
 496 01e0 92E4      		ldi r24,hlo8(0x42b40000)
 497 01e2 42E0      		ldi r25,hhi8(0x42b40000)
 498 01e4 50E0      		ldi r20,lo8(3)
 499 01e6 00D0      		ldi r21,hi8(3)
  32:main.c        **** 		mov(90,3);		//UL
 500               	v
 501               	/* epilogue start */
 503 01ea 70E0      	.LM77:
 504 01ec 84EB      		ret
 506 01f0 43E0      	.Lscope5:
 508 01f4 00D0      	.global	main
  33:main.c        **** 	}
 510               	abn	68,0,36,.LM78-.LFBB6
 511               	.LM78:
 512 01f6 0895      	.LFBB6:
 513               		push r28
 514               		push r29
 515               	/* prologue: function */
 516               	/* frame size = 0 */
 518               	.LM79:
  34:main.c        **** 
  35:main.c        **** 	int main()
  36:main.c        **** 	 {
 519               	2,__zero_reg__
 521               	.LM80:
 522 01f8 CF93      		ldi r24,lo8(15)
 523 01fa DF93      		out 53-32,r24
 525               	.LM81:
  37:main.c        **** 	 
  38:main.c        **** 	 DDRC=0x00;
 526               	servo_init
 528 01fc 14BA      	.LM82:
  39:main.c        **** 	 PORTC=0x0f;
 529               	all stop
 530               		ldi r24,lo8(20000)
 531 01fe 8FE0      		ldi r25,hi8(20000)
 532 0200 85BB      	.LBB42:
  40:main.c        **** 	 
  41:main.c        **** 	 servo_init();
 533               	43:
 534               	.LBB44:
 535 0202 00D0      	.LBB45:
  42:main.c        **** 	 
  43:main.c        **** 		stop();
 536               	tabs	"c:/winavr-20100110/lib/gcc/../../avr/include/util/delay_basic.h",132,0,0,.Ltext3
 537               	.Ltext3:
 539 0206 80E2      	.LM83:
 540 0208 9EE4      		ldi r18,lo8(300)
 541               		ldi r19,hi8(300)
 542               	.L29:
 543               		movw r30,r18
 544               	/* #APP */
 545               	 ;  105 "c:/winavr-20100110/lib/gcc/../../avr/include/util/delay_basic.h" 1
 546               		1: sbiw r30,1
   1:c:/winavr-20100110/lib/gcc/../../avr/include/util/delay_basic.h **** /* Copyright (c) 2002, Marek Michalkiewicz
   2:c:/winavr-20100110/lib/gcc/../../avr/include/util/delay_basic.h ****    Copyright (c) 2007 Joerg Wunsch
   3:c:/winavr-20100110/lib/gcc/../../avr/include/util/delay_basic.h ****    All rights reserved.
   4:c:/winavr-20100110/lib/gcc/../../avr/include/util/delay_basic.h **** 
   5:c:/winavr-20100110/lib/gcc/../../avr/include/util/delay_basic.h ****    Redistribution and use in source and binary forms, with or without
   6:c:/winavr-20100110/lib/gcc/../../avr/include/util/delay_basic.h ****    modification, are permitted provided that the following conditions are met:
   7:c:/winavr-20100110/lib/gcc/../../avr/include/util/delay_basic.h **** 
   8:c:/winavr-20100110/lib/gcc/../../avr/include/util/delay_basic.h ****    * Redistributions of source code must retain the above copyright
   9:c:/winavr-20100110/lib/gcc/../../avr/include/util/delay_basic.h ****      notice, this list of conditions and the following disclaimer.
  10:c:/winavr-20100110/lib/gcc/../../avr/include/util/delay_basic.h **** 
  11:c:/winavr-20100110/lib/gcc/../../avr/include/util/delay_basic.h ****    * Redistributions in binary form must reproduce the above copyright
  12:c:/winavr-20100110/lib/gcc/../../avr/include/util/delay_basic.h ****      notice, this list of conditions and the following disclaimer in
  13:c:/winavr-20100110/lib/gcc/../../avr/include/util/delay_basic.h ****      the documentation and/or other materials provided with the
  14:c:/winavr-20100110/lib/gcc/../../avr/include/util/delay_basic.h ****      distribution.
  15:c:/winavr-20100110/lib/gcc/../../avr/include/util/delay_basic.h **** 
  16:c:/winavr-20100110/lib/gcc/../../avr/include/util/delay_basic.h ****    * Neither the name of the copyright holders nor the names of
  17:c:/winavr-20100110/lib/gcc/../../avr/include/util/delay_basic.h ****      contributors may be used to endorse or promote products derived
  18:c:/winavr-20100110/lib/gcc/../../avr/include/util/delay_basic.h ****      from this software without specific prior written permission.
  19:c:/winavr-20100110/lib/gcc/../../avr/include/util/delay_basic.h **** 
  20:c:/winavr-20100110/lib/gcc/../../avr/include/util/delay_basic.h ****   THIS SOFTWARE IS PROVIDED BY THE COPYRIGHT HOLDERS AND CONTRIBUTORS "AS IS"
  21:c:/winavr-20100110/lib/gcc/../../avr/include/util/delay_basic.h ****   AND ANY EXPRESS OR IMPLIED WARRANTIES, INCLUDING, BUT NOT LIMITED TO, THE
  22:c:/winavr-20100110/lib/gcc/../../avr/include/util/delay_basic.h ****   IMPLIED WARRANTIES OF MERCHANTABILITY AND FITNESS FOR A PARTICULAR PURPOSE
  23:c:/winavr-20100110/lib/gcc/../../avr/include/util/delay_basic.h ****   ARE DISCLAIMED. IN NO EVENT SHALL THE COPYRIGHT OWNER OR CONTRIBUTORS BE
  24:c:/winavr-20100110/lib/gcc/../../avr/include/util/delay_basic.h ****   LIABLE FOR ANY DIRECT, INDIRECT, INCIDENTAL, SPECIAL, EXEMPLARY, OR
  25:c:/winavr-20100110/lib/gcc/../../avr/include/util/delay_basic.h ****   CONSEQUENTIAL DAMAGES (INCLUDING, BUT NOT LIMITED TO, PROCUREMENT OF
  26:c:/winavr-20100110/lib/gcc/../../avr/include/util/delay_basic.h ****   SUBSTITUTE GOODS OR SERVICES; LOSS OF USE, DATA, OR PROFITS; OR BUSINESS
  27:c:/winavr-20100110/lib/gcc/../../avr/include/util/delay_basic.h ****   INTERRUPTION) HOWEVER CAUSED AND ON ANY THEORY OF LIABILITY, WHETHER IN
  28:c:/winavr-20100110/lib/gcc/../../avr/include/util/delay_basic.h ****   CONTRACT, STRICT LIABILITY, OR TORT (INCLUDING NEGLIGENCE OR OTHERWISE)
  29:c:/winavr-20100110/lib/gcc/../../avr/include/util/delay_basic.h ****   ARISING IN ANY WAY OUT OF THE USE OF THIS SOFTWARE, EVEN IF ADVISED OF THE
  30:c:/winavr-20100110/lib/gcc/../../avr/include/util/delay_basic.h ****   POSSIBILITY OF SUCH DAMAGE. */
  31:c:/winavr-20100110/lib/gcc/../../avr/include/util/delay_basic.h **** 
  32:c:/winavr-20100110/lib/gcc/../../avr/include/util/delay_basic.h **** /* $Id: delay_basic.h,v 1.1 2007/05/13 21:23:20 joerg_wunsch Exp $ */
  33:c:/winavr-20100110/lib/gcc/../../avr/include/util/delay_basic.h **** 
  34:c:/winavr-20100110/lib/gcc/../../avr/include/util/delay_basic.h **** #ifndef _UTIL_DELAY_BASIC_H_
  35:c:/winavr-20100110/lib/gcc/../../avr/include/util/delay_basic.h **** #define _UTIL_DELAY_BASIC_H_ 1
  36:c:/winavr-20100110/lib/gcc/../../avr/include/util/delay_basic.h **** 
  37:c:/winavr-20100110/lib/gcc/../../avr/include/util/delay_basic.h **** #include <inttypes.h>
  38:c:/winavr-20100110/lib/gcc/../../avr/include/util/delay_basic.h **** 
  39:c:/winavr-20100110/lib/gcc/../../avr/include/util/delay_basic.h **** /** \file */
  40:c:/winavr-20100110/lib/gcc/../../avr/include/util/delay_basic.h **** /** \defgroup util_delay_basic <util/delay_basic.h>: Basic busy-wait delay loops
  41:c:/winavr-20100110/lib/gcc/../../avr/include/util/delay_basic.h ****     \code
  42:c:/winavr-20100110/lib/gcc/../../avr/include/util/delay_basic.h ****     #include <util/delay_basic.h>
  43:c:/winavr-20100110/lib/gcc/../../avr/include/util/delay_basic.h ****     \endcode
  44:c:/winavr-20100110/lib/gcc/../../avr/include/util/delay_basic.h **** 
  45:c:/winavr-20100110/lib/gcc/../../avr/include/util/delay_basic.h ****     The functions in this header file implement simple delay loops
  46:c:/winavr-20100110/lib/gcc/../../avr/include/util/delay_basic.h ****     that perform a busy-waiting.  They are typically used to
  47:c:/winavr-20100110/lib/gcc/../../avr/include/util/delay_basic.h ****     facilitate short delays in the program execution.  They are
  48:c:/winavr-20100110/lib/gcc/../../avr/include/util/delay_basic.h ****     implemented as count-down loops with a well-known CPU cycle
  49:c:/winavr-20100110/lib/gcc/../../avr/include/util/delay_basic.h ****     count per loop iteration.  As such, no other processing can
  50:c:/winavr-20100110/lib/gcc/../../avr/include/util/delay_basic.h ****     occur simultaneously.  It should be kept in mind that the
  51:c:/winavr-20100110/lib/gcc/../../avr/include/util/delay_basic.h ****     functions described here do not disable interrupts.
  52:c:/winavr-20100110/lib/gcc/../../avr/include/util/delay_basic.h **** 
  53:c:/winavr-20100110/lib/gcc/../../avr/include/util/delay_basic.h ****     In general, for long delays, the use of hardware timers is
  54:c:/winavr-20100110/lib/gcc/../../avr/include/util/delay_basic.h ****     much preferrable, as they free the CPU, and allow for
  55:c:/winavr-20100110/lib/gcc/../../avr/include/util/delay_basic.h ****     concurrent processing of other events while the timer is
  56:c:/winavr-20100110/lib/gcc/../../avr/include/util/delay_basic.h ****     running.  However, in particular for very short delays, the
  57:c:/winavr-20100110/lib/gcc/../../avr/include/util/delay_basic.h ****     overhead of setting up a hardware timer is too much compared
  58:c:/winavr-20100110/lib/gcc/../../avr/include/util/delay_basic.h ****     to the overall delay time.
  59:c:/winavr-20100110/lib/gcc/../../avr/include/util/delay_basic.h **** 
  60:c:/winavr-20100110/lib/gcc/../../avr/include/util/delay_basic.h ****     Two inline functions are provided for the actual delay algorithms.
  61:c:/winavr-20100110/lib/gcc/../../avr/include/util/delay_basic.h **** 
  62:c:/winavr-20100110/lib/gcc/../../avr/include/util/delay_basic.h **** */
  63:c:/winavr-20100110/lib/gcc/../../avr/include/util/delay_basic.h **** 
  64:c:/winavr-20100110/lib/gcc/../../avr/include/util/delay_basic.h **** #if !defined(__DOXYGEN__)
  65:c:/winavr-20100110/lib/gcc/../../avr/include/util/delay_basic.h **** static inline void _delay_loop_1(uint8_t __count) __attribute__((always_inline));
  66:c:/winavr-20100110/lib/gcc/../../avr/include/util/delay_basic.h **** static inline void _delay_loop_2(uint16_t __count) __attribute__((always_inline));
  67:c:/winavr-20100110/lib/gcc/../../avr/include/util/delay_basic.h **** #endif
  68:c:/winavr-20100110/lib/gcc/../../avr/include/util/delay_basic.h **** 
  69:c:/winavr-20100110/lib/gcc/../../avr/include/util/delay_basic.h **** /** \ingroup util_delay_basic
  70:c:/winavr-20100110/lib/gcc/../../avr/include/util/delay_basic.h **** 
  71:c:/winavr-20100110/lib/gcc/../../avr/include/util/delay_basic.h ****     Delay loop using an 8-bit counter \c __count, so up to 256
  72:c:/winavr-20100110/lib/gcc/../../avr/include/util/delay_basic.h ****     iterations are possible.  (The value 256 would have to be passed
  73:c:/winavr-20100110/lib/gcc/../../avr/include/util/delay_basic.h ****     as 0.)  The loop executes three CPU cycles per iteration, not
  74:c:/winavr-20100110/lib/gcc/../../avr/include/util/delay_basic.h ****     including the overhead the compiler needs to setup the counter
  75:c:/winavr-20100110/lib/gcc/../../avr/include/util/delay_basic.h ****     register.
  76:c:/winavr-20100110/lib/gcc/../../avr/include/util/delay_basic.h **** 
  77:c:/winavr-20100110/lib/gcc/../../avr/include/util/delay_basic.h ****     Thus, at a CPU speed of 1 MHz, delays of up to 768 microseconds
  78:c:/winavr-20100110/lib/gcc/../../avr/include/util/delay_basic.h ****     can be achieved.
  79:c:/winavr-20100110/lib/gcc/../../avr/include/util/delay_basic.h **** */
  80:c:/winavr-20100110/lib/gcc/../../avr/include/util/delay_basic.h **** void
  81:c:/winavr-20100110/lib/gcc/../../avr/include/util/delay_basic.h **** _delay_loop_1(uint8_t __count)
  82:c:/winavr-20100110/lib/gcc/../../avr/include/util/delay_basic.h **** {
  83:c:/winavr-20100110/lib/gcc/../../avr/include/util/delay_basic.h **** 	__asm__ volatile (
  84:c:/winavr-20100110/lib/gcc/../../avr/include/util/delay_basic.h **** 		"1: dec %0" "\n\t"
  85:c:/winavr-20100110/lib/gcc/../../avr/include/util/delay_basic.h **** 		"brne 1b"
  86:c:/winavr-20100110/lib/gcc/../../avr/include/util/delay_basic.h **** 		: "=r" (__count)
  87:c:/winavr-20100110/lib/gcc/../../avr/include/util/delay_basic.h **** 		: "0" (__count)
  88:c:/winavr-20100110/lib/gcc/../../avr/include/util/delay_basic.h **** 	);
  89:c:/winavr-20100110/lib/gcc/../../avr/include/util/delay_basic.h **** }
  90:c:/winavr-20100110/lib/gcc/../../avr/include/util/delay_basic.h **** 
  91:c:/winavr-20100110/lib/gcc/../../avr/include/util/delay_basic.h **** /** \ingroup util_delay_basic
  92:c:/winavr-20100110/lib/gcc/../../avr/include/util/delay_basic.h **** 
  93:c:/winavr-20100110/lib/gcc/../../avr/include/util/delay_basic.h ****     Delay loop using a 16-bit counter \c __count, so up to 65536
  94:c:/winavr-20100110/lib/gcc/../../avr/include/util/delay_basic.h ****     iterations are possible.  (The value 65536 would have to be
  95:c:/winavr-20100110/lib/gcc/../../avr/include/util/delay_basic.h ****     passed as 0.)  The loop executes four CPU cycles per iteration,
  96:c:/winavr-20100110/lib/gcc/../../avr/include/util/delay_basic.h ****     not including the overhead the compiler requires to setup the
  97:c:/winavr-20100110/lib/gcc/../../avr/include/util/delay_basic.h ****     counter register pair.
  98:c:/winavr-20100110/lib/gcc/../../avr/include/util/delay_basic.h **** 
  99:c:/winavr-20100110/lib/gcc/../../avr/include/util/delay_basic.h ****     Thus, at a CPU speed of 1 MHz, delays of up to about 262.1
 100:c:/winavr-20100110/lib/gcc/../../avr/include/util/delay_basic.h ****     milliseconds can be achieved.
 101:c:/winavr-20100110/lib/gcc/../../avr/include/util/delay_basic.h ****  */
 102:c:/winavr-20100110/lib/gcc/../../avr/include/util/delay_basic.h **** void
 103:c:/winavr-20100110/lib/gcc/../../avr/include/util/delay_basic.h **** _delay_loop_2(uint16_t __count)
 104:c:/winavr-20100110/lib/gcc/../../avr/include/util/delay_basic.h **** {
 105:c:/winavr-20100110/lib/gcc/../../avr/include/util/delay_basic.h **** 	__asm__ volatile (
 547               	  0 "" 2
 548               	/* #NOAPP */
 549 020a 2CE2      	.LBE45:
 550 020c 31E0      	.LBE44:
 552 020e F901      	.Ltext4:
 554               	.LM84:
 555 0210 3197      		sbiw r24,1
 557               	.LM85:
 558               		brne .L29
 559               	.LBE43:
 560               	.LBE42:
 561               	.LBB46:
 562               	.LBB47:
   1:c:/winavr-20100110/lib/gcc/../../avr/include/util/delay.h **** /* Copyright (c) 2002, Marek Michalkiewicz
   2:c:/winavr-20100110/lib/gcc/../../avr/include/util/delay.h ****    Copyright (c) 2004,2005,2007 Joerg Wunsch
   3:c:/winavr-20100110/lib/gcc/../../avr/include/util/delay.h ****    Copyright (c) 2007  Florin-Viorel Petrov
   4:c:/winavr-20100110/lib/gcc/../../avr/include/util/delay.h ****    All rights reserved.
   5:c:/winavr-20100110/lib/gcc/../../avr/include/util/delay.h **** 
   6:c:/winavr-20100110/lib/gcc/../../avr/include/util/delay.h ****    Redistribution and use in source and binary forms, with or without
   7:c:/winavr-20100110/lib/gcc/../../avr/include/util/delay.h ****    modification, are permitted provided that the following conditions are met:
   8:c:/winavr-20100110/lib/gcc/../../avr/include/util/delay.h **** 
   9:c:/winavr-20100110/lib/gcc/../../avr/include/util/delay.h ****    * Redistributions of source code must retain the above copyright
  10:c:/winavr-20100110/lib/gcc/../../avr/include/util/delay.h ****      notice, this list of conditions and the following disclaimer.
  11:c:/winavr-20100110/lib/gcc/../../avr/include/util/delay.h **** 
  12:c:/winavr-20100110/lib/gcc/../../avr/include/util/delay.h ****    * Redistributions in binary form must reproduce the above copyright
  13:c:/winavr-20100110/lib/gcc/../../avr/include/util/delay.h ****      notice, this list of conditions and the following disclaimer in
  14:c:/winavr-20100110/lib/gcc/../../avr/include/util/delay.h ****      the documentation and/or other materials provided with the
  15:c:/winavr-20100110/lib/gcc/../../avr/include/util/delay.h ****      distribution.
  16:c:/winavr-20100110/lib/gcc/../../avr/include/util/delay.h **** 
  17:c:/winavr-20100110/lib/gcc/../../avr/include/util/delay.h ****    * Neither the name of the copyright holders nor the names of
  18:c:/winavr-20100110/lib/gcc/../../avr/include/util/delay.h ****      contributors may be used to endorse or promote products derived
  19:c:/winavr-20100110/lib/gcc/../../avr/include/util/delay.h ****      from this software without specific prior written permission.
  20:c:/winavr-20100110/lib/gcc/../../avr/include/util/delay.h **** 
  21:c:/winavr-20100110/lib/gcc/../../avr/include/util/delay.h ****   THIS SOFTWARE IS PROVIDED BY THE COPYRIGHT HOLDERS AND CONTRIBUTORS "AS IS"
  22:c:/winavr-20100110/lib/gcc/../../avr/include/util/delay.h ****   AND ANY EXPRESS OR IMPLIED WARRANTIES, INCLUDING, BUT NOT LIMITED TO, THE
  23:c:/winavr-20100110/lib/gcc/../../avr/include/util/delay.h ****   IMPLIED WARRANTIES OF MERCHANTABILITY AND FITNESS FOR A PARTICULAR PURPOSE
  24:c:/winavr-20100110/lib/gcc/../../avr/include/util/delay.h ****   ARE DISCLAIMED. IN NO EVENT SHALL THE COPYRIGHT OWNER OR CONTRIBUTORS BE
  25:c:/winavr-20100110/lib/gcc/../../avr/include/util/delay.h ****   LIABLE FOR ANY DIRECT, INDIRECT, INCIDENTAL, SPECIAL, EXEMPLARY, OR
  26:c:/winavr-20100110/lib/gcc/../../avr/include/util/delay.h ****   CONSEQUENTIAL DAMAGES (INCLUDING, BUT NOT LIMITED TO, PROCUREMENT OF
  27:c:/winavr-20100110/lib/gcc/../../avr/include/util/delay.h ****   SUBSTITUTE GOODS OR SERVICES; LOSS OF USE, DATA, OR PROFITS; OR BUSINESS
  28:c:/winavr-20100110/lib/gcc/../../avr/include/util/delay.h ****   INTERRUPTION) HOWEVER CAUSED AND ON ANY THEORY OF LIABILITY, WHETHER IN
  29:c:/winavr-20100110/lib/gcc/../../avr/include/util/delay.h ****   CONTRACT, STRICT LIABILITY, OR TORT (INCLUDING NEGLIGENCE OR OTHERWISE)
  30:c:/winavr-20100110/lib/gcc/../../avr/include/util/delay.h ****   ARISING IN ANY WAY OUT OF THE USE OF THIS SOFTWARE, EVEN IF ADVISED OF THE
  31:c:/winavr-20100110/lib/gcc/../../avr/include/util/delay.h ****   POSSIBILITY OF SUCH DAMAGE. */
  32:c:/winavr-20100110/lib/gcc/../../avr/include/util/delay.h **** 
  33:c:/winavr-20100110/lib/gcc/../../avr/include/util/delay.h **** /* $Id: delay.h,v 1.5.2.1 2009/02/25 10:14:03 joerg_wunsch Exp $ */
  34:c:/winavr-20100110/lib/gcc/../../avr/include/util/delay.h **** 
  35:c:/winavr-20100110/lib/gcc/../../avr/include/util/delay.h **** #ifndef _UTIL_DELAY_H_
  36:c:/winavr-20100110/lib/gcc/../../avr/include/util/delay.h **** #define _UTIL_DELAY_H_ 1
  37:c:/winavr-20100110/lib/gcc/../../avr/include/util/delay.h **** 
  38:c:/winavr-20100110/lib/gcc/../../avr/include/util/delay.h **** #include <inttypes.h>
  39:c:/winavr-20100110/lib/gcc/../../avr/include/util/delay.h **** #include <util/delay_basic.h>
  40:c:/winavr-20100110/lib/gcc/../../avr/include/util/delay.h **** 
  41:c:/winavr-20100110/lib/gcc/../../avr/include/util/delay.h **** /** \file */
  42:c:/winavr-20100110/lib/gcc/../../avr/include/util/delay.h **** /** \defgroup util_delay <util/delay.h>: Convenience functions for busy-wait delay loops
  43:c:/winavr-20100110/lib/gcc/../../avr/include/util/delay.h ****     \code
  44:c:/winavr-20100110/lib/gcc/../../avr/include/util/delay.h ****     #define F_CPU 1000000UL  // 1 MHz
  45:c:/winavr-20100110/lib/gcc/../../avr/include/util/delay.h ****     //#define F_CPU 14.7456E6
  46:c:/winavr-20100110/lib/gcc/../../avr/include/util/delay.h ****     #include <util/delay.h>
  47:c:/winavr-20100110/lib/gcc/../../avr/include/util/delay.h ****     \endcode
  48:c:/winavr-20100110/lib/gcc/../../avr/include/util/delay.h **** 
  49:c:/winavr-20100110/lib/gcc/../../avr/include/util/delay.h ****     \note As an alternative method, it is possible to pass the
  50:c:/winavr-20100110/lib/gcc/../../avr/include/util/delay.h ****     F_CPU macro down to the compiler from the Makefile.
  51:c:/winavr-20100110/lib/gcc/../../avr/include/util/delay.h ****     Obviously, in that case, no \c \#define statement should be
  52:c:/winavr-20100110/lib/gcc/../../avr/include/util/delay.h ****     used.
  53:c:/winavr-20100110/lib/gcc/../../avr/include/util/delay.h **** 
  54:c:/winavr-20100110/lib/gcc/../../avr/include/util/delay.h ****     The functions in this header file are wrappers around the basic
  55:c:/winavr-20100110/lib/gcc/../../avr/include/util/delay.h ****     busy-wait functions from <util/delay_basic.h>.  They are meant as
  56:c:/winavr-20100110/lib/gcc/../../avr/include/util/delay.h ****     convenience functions where actual time values can be specified
  57:c:/winavr-20100110/lib/gcc/../../avr/include/util/delay.h ****     rather than a number of cycles to wait for.  The idea behind is
  58:c:/winavr-20100110/lib/gcc/../../avr/include/util/delay.h ****     that compile-time constant expressions will be eliminated by
  59:c:/winavr-20100110/lib/gcc/../../avr/include/util/delay.h ****     compiler optimization so floating-point expressions can be used
  60:c:/winavr-20100110/lib/gcc/../../avr/include/util/delay.h ****     to calculate the number of delay cycles needed based on the CPU
  61:c:/winavr-20100110/lib/gcc/../../avr/include/util/delay.h ****     frequency passed by the macro F_CPU.
  62:c:/winavr-20100110/lib/gcc/../../avr/include/util/delay.h **** 
  63:c:/winavr-20100110/lib/gcc/../../avr/include/util/delay.h ****     \note In order for these functions to work as intended, compiler
  64:c:/winavr-20100110/lib/gcc/../../avr/include/util/delay.h ****     optimizations <em>must</em> be enabled, and the delay time
  65:c:/winavr-20100110/lib/gcc/../../avr/include/util/delay.h ****     <em>must</em> be an expression that is a known constant at
  66:c:/winavr-20100110/lib/gcc/../../avr/include/util/delay.h ****     compile-time.  If these requirements are not met, the resulting
  67:c:/winavr-20100110/lib/gcc/../../avr/include/util/delay.h ****     delay will be much longer (and basically unpredictable), and
  68:c:/winavr-20100110/lib/gcc/../../avr/include/util/delay.h ****     applications that otherwise do not use floating-point calculations
  69:c:/winavr-20100110/lib/gcc/../../avr/include/util/delay.h ****     will experience severe code bloat by the floating-point library
  70:c:/winavr-20100110/lib/gcc/../../avr/include/util/delay.h ****     routines linked into the application.
  71:c:/winavr-20100110/lib/gcc/../../avr/include/util/delay.h **** 
  72:c:/winavr-20100110/lib/gcc/../../avr/include/util/delay.h ****     The functions available allow the specification of microsecond, and
  73:c:/winavr-20100110/lib/gcc/../../avr/include/util/delay.h ****     millisecond delays directly, using the application-supplied macro
  74:c:/winavr-20100110/lib/gcc/../../avr/include/util/delay.h ****     F_CPU as the CPU clock frequency (in Hertz).
  75:c:/winavr-20100110/lib/gcc/../../avr/include/util/delay.h **** 
  76:c:/winavr-20100110/lib/gcc/../../avr/include/util/delay.h **** */
  77:c:/winavr-20100110/lib/gcc/../../avr/include/util/delay.h **** 
  78:c:/winavr-20100110/lib/gcc/../../avr/include/util/delay.h **** #if !defined(__DOXYGEN__)
  79:c:/winavr-20100110/lib/gcc/../../avr/include/util/delay.h **** static inline void _delay_us(double __us) __attribute__((always_inline));
  80:c:/winavr-20100110/lib/gcc/../../avr/include/util/delay.h **** static inline void _delay_ms(double __ms) __attribute__((always_inline));
  81:c:/winavr-20100110/lib/gcc/../../avr/include/util/delay.h **** #endif
  82:c:/winavr-20100110/lib/gcc/../../avr/include/util/delay.h **** 
  83:c:/winavr-20100110/lib/gcc/../../avr/include/util/delay.h **** #ifndef F_CPU
  84:c:/winavr-20100110/lib/gcc/../../avr/include/util/delay.h **** /* prevent compiler error by supplying a default */
  85:c:/winavr-20100110/lib/gcc/../../avr/include/util/delay.h **** # warning "F_CPU not defined for <util/delay.h>"
  86:c:/winavr-20100110/lib/gcc/../../avr/include/util/delay.h **** # define F_CPU 1000000UL
  87:c:/winavr-20100110/lib/gcc/../../avr/include/util/delay.h **** #endif
  88:c:/winavr-20100110/lib/gcc/../../avr/include/util/delay.h **** 
  89:c:/winavr-20100110/lib/gcc/../../avr/include/util/delay.h **** #ifndef __OPTIMIZE__
  90:c:/winavr-20100110/lib/gcc/../../avr/include/util/delay.h **** # warning "Compiler optimizations disabled; functions from <util/delay.h> won't work as designed"
  91:c:/winavr-20100110/lib/gcc/../../avr/include/util/delay.h **** #endif
  92:c:/winavr-20100110/lib/gcc/../../avr/include/util/delay.h **** 
  93:c:/winavr-20100110/lib/gcc/../../avr/include/util/delay.h **** /**
  94:c:/winavr-20100110/lib/gcc/../../avr/include/util/delay.h ****    \ingroup util_delay
  95:c:/winavr-20100110/lib/gcc/../../avr/include/util/delay.h **** 
  96:c:/winavr-20100110/lib/gcc/../../avr/include/util/delay.h ****    Perform a delay of \c __ms milliseconds, using _delay_loop_2().
  97:c:/winavr-20100110/lib/gcc/../../avr/include/util/delay.h **** 
  98:c:/winavr-20100110/lib/gcc/../../avr/include/util/delay.h ****    The macro F_CPU is supposed to be defined to a
  99:c:/winavr-20100110/lib/gcc/../../avr/include/util/delay.h ****    constant defining the CPU clock frequency (in Hertz).
 100:c:/winavr-20100110/lib/gcc/../../avr/include/util/delay.h **** 
 101:c:/winavr-20100110/lib/gcc/../../avr/include/util/delay.h ****    The maximal possible delay is 262.14 ms / F_CPU in MHz.
 102:c:/winavr-20100110/lib/gcc/../../avr/include/util/delay.h **** 
 103:c:/winavr-20100110/lib/gcc/../../avr/include/util/delay.h ****    When the user request delay which exceed the maximum possible one,
 104:c:/winavr-20100110/lib/gcc/../../avr/include/util/delay.h ****    _delay_ms() provides a decreased resolution functionality. In this
 105:c:/winavr-20100110/lib/gcc/../../avr/include/util/delay.h ****    mode _delay_ms() will work with a resolution of 1/10 ms, providing
 106:c:/winavr-20100110/lib/gcc/../../avr/include/util/delay.h ****    delays up to 6.5535 seconds (independent from CPU frequency).  The
 107:c:/winavr-20100110/lib/gcc/../../avr/include/util/delay.h ****    user will not be informed about decreased resolution.
 108:c:/winavr-20100110/lib/gcc/../../avr/include/util/delay.h ****  */
 109:c:/winavr-20100110/lib/gcc/../../avr/include/util/delay.h **** void
 110:c:/winavr-20100110/lib/gcc/../../avr/include/util/delay.h **** _delay_ms(double __ms)
 111:c:/winavr-20100110/lib/gcc/../../avr/include/util/delay.h **** {
 112:c:/winavr-20100110/lib/gcc/../../avr/include/util/delay.h **** 	uint16_t __ticks;
 113:c:/winavr-20100110/lib/gcc/../../avr/include/util/delay.h **** 	double __tmp = ((F_CPU) / 4e3) * __ms;
 114:c:/winavr-20100110/lib/gcc/../../avr/include/util/delay.h **** 	if (__tmp < 1.0)
 115:c:/winavr-20100110/lib/gcc/../../avr/include/util/delay.h **** 		__ticks = 1;
 116:c:/winavr-20100110/lib/gcc/../../avr/include/util/delay.h **** 	else if (__tmp > 65535)
 117:c:/winavr-20100110/lib/gcc/../../avr/include/util/delay.h **** 	{
 118:c:/winavr-20100110/lib/gcc/../../avr/include/util/delay.h **** 		//	__ticks = requested delay in 1/10 ms
 119:c:/winavr-20100110/lib/gcc/../../avr/include/util/delay.h **** 		__ticks = (uint16_t) (__ms * 10.0);
 120:c:/winavr-20100110/lib/gcc/../../avr/include/util/delay.h **** 		while(__ticks)
 121:c:/winavr-20100110/lib/gcc/../../avr/include/util/delay.h **** 		{
 122:c:/winavr-20100110/lib/gcc/../../avr/include/util/delay.h **** 			// wait 1/10 ms
 123:c:/winavr-20100110/lib/gcc/../../avr/include/util/delay.h **** 			_delay_loop_2(((F_CPU) / 4e3) / 10);
 124:c:/winavr-20100110/lib/gcc/../../avr/include/util/delay.h **** 			__ticks --;
 564               	.Ltext5:
 566               	.LM86:
 567               		ldi r28,lo8(300)
 568 0216 01F4      		ldi r29,hi8(300)
 569               	.L48:
 570               	.LBE49:
 571               	.LBE48:
 572               	.LBE47:
 573               	.LBE46:
 575               	.Ltext6:
 577               	.LM87:
 578               		sbic 51-32,0
 579 0218 CCE2      		rjmp .L48
 580 021a D1E0      	.L39:
 582               	.LM88:
 583               		sbis 51-32,0
 584               		rjmp .L39
 586               	.LM89:
 587               		ldi r22,lo8(0x43480000)
  44:main.c        **** 	 _delay_ms(2000);
  45:main.c        **** 	 
  46:main.c        **** 	 while(1)
  47:main.c        **** 	   {
  48:main.c        **** 		if((PINC & 0x01) == 0x00)
 588               		ldi r24,hlo8(0x43480000)
 589               		ldi r25,hhi8(0x43480000)
 590 021c 9899      		ldi r20,lo8(3)
 591 021e 00C0      		ldi r21,hi8(3)
 592               		rcall mov
  49:main.c        **** 		{
  50:main.c        **** 			while((PINC & 0x01)==0x00);
 593               	bn	68,0,55,.LM90-.LFBB6
 594               	.LM90:
 595 0220 989B      		ldi r22,lo8(0xc2200000)
 596 0222 00C0      		ldi r23,hi8(0xc2200000)
  51:main.c        **** 
  52:main.c        **** // **************************************** Flip **************************************
  53:main.c        **** 			
  54:main.c        **** 			mov(200,3);
 597               	 r24,hlo8(0xc2200000)
 598               		ldi r25,hhi8(0xc2200000)
 599 0224 60E0      		ldi r20,lo8(2)
 600 0226 70E0      		ldi r21,hi8(2)
 601 0228 88E4      		rcall mov
 602 022a 93E4      		ldi r24,lo8(20000)
 603 022c 43E0      		ldi r25,hi8(20000)
 604 022e 50E0      	.L32:
 605 0230 00D0      	.LBB53:
  55:main.c        **** 			mov(-40,2);
 606               	LBB51:
 607               	.LBB50:
 609 0234 70E0      	.Ltext7:
 611 0238 92EC      	.LM91:
 612 023a 42E0      		movw r30,r28
 613 023c 50E0      	/* #APP */
 614 023e 00D0      	 ;  105 "c:/winavr-20100110/lib/gcc/../../avr/include/util/delay_basic.h" 1
 615 0240 80E2      		1: sbiw r30,1
 616 0242 9EE4      		brne 1b
 617               	 ;  0 "" 2
 618               	/* #NOAPP */
 619               	.LBE50:
 620               	.LBE51:
 622               	.Ltext8:
 624               	.LM92:
 625               		sbiw r24,1
 627               	.LM93:
 628               		brne .L32
 629 0246 3197      	.LBE52:
 630 0248 01F4      	.LBE53:
 632               	.Ltext9:
 634               	.LM94:
 635               		ldi r22,lo8(0x42fa0000)
 636               		ldi r23,hi8(0x42fa0000)
 637               		ldi r24,hlo8(0x42fa0000)
 638               		ldi r25,hhi8(0x42fa0000)
 639 024a 0197      		ldi r20,lo8(0)
 640               		ldi r21,hi8(0)
 641               		rcall mov
 643               	.LM95:
 644               		ldi r22,lo8(0x425c0000)
 645               		ldi r23,hi8(0x425c0000)
 646               		ldi r24,hlo8(0x425c0000)
  56:main.c        **** 			
  57:main.c        **** 			_delay_ms(2000);
  58:main.c        **** 			
  59:main.c        **** 			mov(125,0);
 647               	
 648               		ldi r21,hi8(1)
 649 024e 60E0      		rcall mov
 650 0250 70E0      		ldi r24,lo8(5000)
 651 0252 8AEF      		ldi r25,hi8(5000)
 652 0254 92E4      	.L33:
 653 0256 40E0      	.LBB54:
 654 0258 50E0      	.LBB55:
 655 025a 00D0      	.LBB56:
  60:main.c        **** 			mov(55,1);
 657               	.Ltext10:
 659 025e 70E0      	.LM96:
 660 0260 8CE5      		movw r30,r28
 661 0262 92E4      	/* #APP */
 662 0264 41E0      	 ;  105 "c:/winavr-20100110/lib/gcc/../../avr/include/util/delay_basic.h" 1
 663 0266 50E0      		1: sbiw r30,1
 664 0268 00D0      		brne 1b
 665 026a 88E8      	 ;  0 "" 2
 666 026c 93E1      	/* #NOAPP */
 667               	.LBE57:
 668               	.LBE56:
 670               	.Ltext11:
 672               	.LM97:
 673               		sbiw r24,1
 675               	.LM98:
 676 026e FE01      		brne .L33
 677               	.LBE55:
 678               	.LBE54:
 680 0272 01F4      	.Ltext12:
 682               	.LM99:
 683               		ldi r22,lo8(0x425c0000)
 684               		ldi r23,hi8(0x425c0000)
 685               		ldi r24,hlo8(0x425c0000)
 686               		ldi r25,hhi8(0x425c0000)
 687               		ldi r20,lo8(0)
 688               		ldi r21,hi8(0)
 689 0274 0197      		rcall mov
 691               	.LM100:
 692 0276 01F4      		ldi r22,lo8(0x42fa0000)
 693               		ldi r23,hi8(0x42fa0000)
 694               		ldi r24,hlo8(0x42fa0000)
 695               		ldi r25,hhi8(0x42fa0000)
 696               		ldi r20,lo8(1)
  61:main.c        **** 			_delay_ms(500);
  62:main.c        **** 			mov(55,0);
 697               	000)
 698               		ldi r25,hi8(5000)
 699 0278 60E0      	.L34:
 700 027a 70E0      	.LBB58:
 701 027c 8CE5      	.LBB59:
 702 027e 92E4      	.LBB60:
 703 0280 40E0      	.LBB61:
 705 0284 00D0      	.Ltext13:
  63:main.c        **** 			mov(125,1);
 706               	8,0,105,.LM101-.LFBB6
 707               	.LM101:
 708 0286 60E0      		movw r30,r28
 709 0288 70E0      	/* #APP */
 710 028a 8AEF      	 ;  105 "c:/winavr-20100110/lib/gcc/../../avr/include/util/delay_basic.h" 1
 711 028c 92E4      		1: sbiw r30,1
 712 028e 41E0      		brne 1b
 713 0290 50E0      	 ;  0 "" 2
 714 0292 00D0      	/* #NOAPP */
 715 0294 88E8      	.LBE61:
 716 0296 93E1      	.LBE60:
 718               	.Ltext14:
 720               	.LM102:
 721               		sbiw r24,1
 723               	.LM103:
 724               		brne .L34
 725               	.LBE59:
 726 0298 FE01      	.LBE58:
 728               	.Ltext15:
 730 029c 01F4      	.LM104:
 731               		ldi r22,lo8(0x42b40000)
 732               		ldi r23,hi8(0x42b40000)
 733               		ldi r24,hlo8(0x42b40000)
 734               		ldi r25,hhi8(0x42b40000)
 735               		ldi r20,lo8(0)
 736               		ldi r21,hi8(0)
 737               		rcall mov
 739 029e 0197      	.LM105:
 740               		ldi r22,lo8(0x42b40000)
 741               		ldi r23,hi8(0x42b40000)
 742 02a0 01F4      		ldi r24,hlo8(0x42b40000)
 743               		ldi r25,hhi8(0x42b40000)
 744               		ldi r20,lo8(1)
 745               		ldi r21,hi8(1)
 746               		rcall mov
  64:main.c        **** 			_delay_ms(500);
  65:main.c        **** 			mov(90,0);
 747               	5:
 748               	.LBB62:
 749 02a2 60E0      	.LBB63:
 750 02a4 70E0      	.LBB64:
 751 02a6 84EB      	.LBB65:
 753 02aa 40E0      	.Ltext16:
 755 02ae 00D0      	.LM106:
  66:main.c        **** 			mov(90,1);
 756               	
 757               	.LBB65:
 759 02b2 70E0      	.Ltext16:
 761 02b6 92E4      	.LM106:
 762 02b8 41E0      		movw r30,r28
 763 02ba 50E0      	/* #APP */
 764 02bc 00D0      	 ;  105 "c:/winavr-20100110/lib/gcc/../../avr/include/util/delay_basic.h" 1
 765 02be 88E8      		1: sbiw r30,1
 766 02c0 93E1      		brne 1b
 767               	 ;  0 "" 2
 768               	/* #NOAPP */
 769               	.LBE65:
 770               	.LBE64:
 772               	.Ltext17:
 774               	.LM107:
 775               		sbiw r24,1
 777               	.LM108:
 778               		brne .L35
 779 02c4 3197      	.LBE63:
 780 02c6 01F4      	.LBE62:
 782               	.Ltext18:
 784               	.LM109:
 785               		ldi r22,lo8(0x42b40000)
 786               		ldi r23,hi8(0x42b40000)
 787               		ldi r24,hlo8(0x42b40000)
 788               		ldi r25,hhi8(0x42b40000)
 789 02c8 0197      		ldi r20,lo8(3)
 790               		ldi r21,hi8(3)
 791               		rcall mov
 793               	.LM110:
 794               		ldi r22,lo8(0x42b40000)
 795               		ldi r23,hi8(0x42b40000)
 796               		ldi r24,hlo8(0x42b40000)
  67:main.c        **** 			_delay_ms(500);
  68:main.c        **** 			
  69:main.c        **** 			mov(90,3);
 798               	.LM110:
 799 02cc 60E0      		ldi r22,lo8(0x42b40000)
 800 02ce 70E0      		ldi r23,hi8(0x42b40000)
 801 02d0 84EB      		ldi r24,hlo8(0x42b40000)
 802 02d2 92E4      		ldi r25,hhi8(0x42b40000)
 803 02d4 43E0      		ldi r20,lo8(2)
 804 02d6 50E0      		ldi r21,hi8(2)
 805 02d8 00D0      		rcall mov
  70:main.c        **** 			mov(90,2);
 806               	i8(0x42b40000)
 807               		ldi r24,hlo8(0x42b40000)
 808 02da 60E0      		ldi r25,hhi8(0x42b40000)
 809 02dc 70E0      		ldi r20,lo8(2)
 810 02de 84EB      		ldi r21,hi8(2)
 811 02e0 92E4      		rcall mov
 812 02e2 42E0      		ldi r24,lo8(10000)
 813 02e4 50E0      		ldi r25,hi8(10000)
 814 02e6 00D0      	.L36:
 815 02e8 80E1      	.LBB66:
 816 02ea 97E2      	.LBB67:
 817               	.LBB68:
 818               	.LBB69:
 820               	.Ltext19:
 822               	.LM111:
 823               		movw r30,r28
 824               	/* #APP */
 825               	 ;  105 "c:/winavr-20100110/lib/gcc/../../avr/include/util/delay_basic.h" 1
 826 02ec FE01      		1: sbiw r30,1
 827               		brne 1b
 828               	 ;  0 "" 2
 829 02ee 3197      	/* #NOAPP */
 830 02f0 01F4      	.LBE69:
 831               	.LBE68:
 833               	.Ltext20:
 835               	.LM112:
 836               		sbiw r24,1
 838               	.LM113:
 839 02f2 0197      		brne .L36
 840               		rjmp .L48
 841               	.LBE67:
 842 02f4 01F4      	.LBE66:
 886               	.Lscope6:
 887               		.comm i,2,1
 888               		.comm m0h,1,1
 889               		.comm m0l,1,1
 890               		.comm m1h,1,1
 891               		.comm m1l,1,1
 892               		.comm m2h,1,1
 893               		.comm m2l,1,1
 894               		.comm m3h,1,1
 895               		.comm m3l,1,1
 896               		.comm x,1,1
 897               		.comm y,1,1
 898               		.comm m4h,1,1
 899               		.comm m4l,1,1
 900               		.comm m5h,1,1
 901               		.comm m5l,1,1
 902               		.comm temp,1,1
 920               	.Letext0:
 921               	.global __do_clear_bss
 922               	...
DEFINED SYMBOLS
                            *ABS*:00000000 main.c
C:\Users\Sachin\AppData\Local\Temp/ccABaP4X.s:2      *ABS*:0000003f __SREG__
C:\Users\Sachin\AppData\Local\Temp/ccABaP4X.s:3      *ABS*:0000003e __SP_H__
C:\Users\Sachin\AppData\Local\Temp/ccABaP4X.s:4      *ABS*:0000003d __SP_L__
C:\Users\Sachin\AppData\Local\Temp/ccABaP4X.s:5      *ABS*:00000034 __CCP__
C:\Users\Sachin\AppData\Local\Temp/ccABaP4X.s:6      *ABS*:00000000 __tmp_reg__
C:\Users\Sachin\AppData\Local\Temp/ccABaP4X.s:7      *ABS*:00000001 __zero_reg__
C:\Users\Sachin\AppData\Local\Temp/ccABaP4X.s:71     .text:00000000 servo_init
C:\Users\Sachin\AppData\Local\Temp/ccABaP4X.s:131    .text:00000024 __vector_6
C:\Users\Sachin\AppData\Local\Temp/ccABaP4X.s:164    .text:0000003e __vector_7
                            *COM*:00000002 i
                            *COM*:00000001 m0h
                            *COM*:00000001 m0l
                            *COM*:00000001 m1h
                            *COM*:00000001 m1l
                            *COM*:00000001 m2h
                            *COM*:00000001 m2l
                            *COM*:00000001 m3h
                            *COM*:00000001 m3l
                            *COM*:00000001 m4h
                            *COM*:00000001 m4l
                            *COM*:00000001 m5h
                            *COM*:00000001 m5l
C:\Users\Sachin\AppData\Local\Temp/ccABaP4X.s:332    .text:0000011c mov
                            *COM*:00000001 temp
C:\Users\Sachin\AppData\Local\Temp/ccABaP4X.s:465    .text:000001be stop
C:\Users\Sachin\AppData\Local\Temp/ccABaP4X.s:518    .text:000001f8 main
                            *COM*:00000001 x
                            *COM*:00000001 y

UNDEFINED SYMBOLS
__addsf3
__mulsf3
__fixunssfsi
__do_clear_bss
